<?xml version="1.0" ?>
<Testcase>
        <Details>
                <Name>tc_runmode_rup_at_pj_local_level-expected</Name>
                <Title>Test the runmode functionality specified at project file local section</Title>
                <Datatype>Custom</Datatype>
                <default_onError action="next"/>
                <Logsdir>../../../Execution</Logsdir>
                <Resultsdir>../../../Execution</Resultsdir>
                <Date>07-18-2018</Date>
                <InputDataFile>No_Data</InputDataFile>
                <Time>11:34</Time>
                <Engineer>Warrior_user</Engineer>
        </Details>
        <Requirements>
                <Requirement/>
        </Requirements>
        <Steps>
                <step Driver="ci_regression_driver" Keyword="increase_value" TS="2">
                        <Arguments>
                                <argument name="key" value="pj_rup_count_local_exp"/>
                                <argument name="status" value="fail"/>
                                <argument name="max_value" value="2"/>
                                <argument name="max_status" value="pass"/>
                        </Arguments>
                        <onError action="next"/>
                        <Description></Description>
                        <Execute ExecType="Yes"/>
                        <context>positive</context>
                        <impact>impact</impact>
                </step>
        </Steps>
</Testcase>